   1                             	r8	=	0xffef0
   2                             	r16	=	0xffee8
   3                             	r24	=	0xffee0
   4                             	r9	=	0xffef1
   5                             	r17	=	0xffee9
   6                             	r25	=	0xffee1
   7                             	r10	=	0xffef2
   8                             	r18	=	0xffeea
   9                             	r26	=	0xffee2
  10                             	r11	=	0xffef3
  11                             	r19	=	0xffeeb
  12                             	r27	=	0xffee3
  13                             	r12	=	0xffef4
  14                             	r20	=	0xffeec
  15                             	r28	=	0xffee4
  16                             	r13	=	0xffef5
  17                             	r21	=	0xffeed
  18                             	r29	=	0xffee5
  19                             	r14	=	0xffef6
  20                             	r22	=	0xffeee
  21                             	r30	=	0xffee6
  22                             	r15	=	0xffef7
  23                             	r23	=	0xffeef
  24                             	r31	=	0xffee7
  25                             	.text
  26                             	.Ltext0:
  27                             		.local	_thisDriver
  28                             		.comm	_thisDriver,6,2
  29                             		.local	_this_functions
  30                             		.comm	_this_functions,0,2
  31                             		.global	_initInterrupt
  33                             	_initInterrupt:
  34                             	.LFB0:
  35                             		.file 1 "../src/drvInterrupt.c"
   1:../src/drvInterrupt.c **** /*
   2:../src/drvInterrupt.c ****  * drvInterrupt.c
   3:../src/drvInterrupt.c ****  *
   4:../src/drvInterrupt.c ****  *  Created on: 20/09/2014
   5:../src/drvInterrupt.c ****  *      Author: Luis
   6:../src/drvInterrupt.c ****  */
   7:../src/drvInterrupt.c **** 
   8:../src/drvInterrupt.c **** #include "drvInterrupt.h"
   9:../src/drvInterrupt.c **** #include "r_cg_userdefine.h"
  10:../src/drvInterrupt.c **** #include "r_cg_macrodriver.h"
  11:../src/drvInterrupt.c **** 
  12:../src/drvInterrupt.c **** static driver thisDriver;
  13:../src/drvInterrupt.c **** static ptrFuncDrv this_functions[INT_END];
  14:../src/drvInterrupt.c **** 
  15:../src/drvInterrupt.c **** char initInterrupt(void *parameters);
  16:../src/drvInterrupt.c **** char intEnable(void *parameters);
  17:../src/drvInterrupt.c **** char intDisable(void *parameters);
  18:../src/drvInterrupt.c **** char intBotSet(void *parameters);
  19:../src/drvInterrupt.c **** char intBotEnable(void *parameters);
  20:../src/drvInterrupt.c **** char intBotDisable(void *parameters);
  21:../src/drvInterrupt.c **** char intADCSet(void *parameters);
  22:../src/drvInterrupt.c **** char intADCEnable(void *parameters);
  23:../src/drvInterrupt.c **** char intADCDisable(void *parameters);
  24:../src/drvInterrupt.c **** char intSerRXSet(void *parameters);
  25:../src/drvInterrupt.c **** char intSerRXEnable(void *parameters);
  26:../src/drvInterrupt.c **** char intSerRXDisable(void *parameters);
  27:../src/drvInterrupt.c **** char intSerTXSet(void *parameters);
  28:../src/drvInterrupt.c **** char intSerTXEnable(void *parameters);
  29:../src/drvInterrupt.c **** char intSerTXDisable(void *parameters);
  30:../src/drvInterrupt.c **** char intTimSet(void *parameters);
  31:../src/drvInterrupt.c **** char intTimEnable(void *parameters);
  32:../src/drvInterrupt.c **** char intTimDisable(void *parameters);
  33:../src/drvInterrupt.c **** char intPWMSet(void *parameters);
  34:../src/drvInterrupt.c **** char intPWMEnable(void *parameters);
  35:../src/drvInterrupt.c **** char intPWMDisable(void *parameters);
  36:../src/drvInterrupt.c **** 
  37:../src/drvInterrupt.c **** char initInterrupt(void *parameters)
  38:../src/drvInterrupt.c **** {
  36                             		.loc 1 38 0
  39:../src/drvInterrupt.c ****         asm("di");
  37                             		.loc 1 39 0
  38                             	 ; 39 "../src/drvInterrupt.c" 1
  39 0000 71 7B FA                		di
  40                             	 ; 0 "" 2
  40:../src/drvInterrupt.c **** 
  41:../src/drvInterrupt.c **** 	return SUCESSO;
  41                             		.loc 1 41 0
  42 0003 CD F0 00                		mov	r8, #0
  42:../src/drvInterrupt.c **** }
  43                             		.loc 1 42 0
  44 0006 D7                      		ret
  45                             	.LFE0:
  47                             		.global	_intEnable
  49                             	_intEnable:
  50                             	.LFB1:
  43:../src/drvInterrupt.c **** 
  44:../src/drvInterrupt.c **** char intEnable(void *parameters)
  45:../src/drvInterrupt.c **** {
  51                             		.loc 1 45 0
  46:../src/drvInterrupt.c ****         asm("ei");
  52                             		.loc 1 46 0
  53                             	 ; 46 "../src/drvInterrupt.c" 1
  54 0007 71 7A FA                		ei
  55                             	 ; 0 "" 2
  47:../src/drvInterrupt.c **** 
  48:../src/drvInterrupt.c ****         return SUCESSO;
  56                             		.loc 1 48 0
  57 000a CD F0 00                		mov	r8, #0
  49:../src/drvInterrupt.c **** }
  58                             		.loc 1 49 0
  59 000d D7                      		ret
  60                             	.LFE1:
  62                             		.global	_intDisable
  64                             	_intDisable:
  65                             	.LFB2:
  50:../src/drvInterrupt.c **** 
  51:../src/drvInterrupt.c **** char intDisable(void *parameters)
  52:../src/drvInterrupt.c **** {
  66                             		.loc 1 52 0
  53:../src/drvInterrupt.c ****         asm("di");
  67                             		.loc 1 53 0
  68                             	 ; 53 "../src/drvInterrupt.c" 1
  69 000e 71 7B FA                		di
  70                             	 ; 0 "" 2
  54:../src/drvInterrupt.c **** 
  55:../src/drvInterrupt.c ****         return SUCESSO;
  71                             		.loc 1 55 0
  72 0011 CD F0 00                		mov	r8, #0
  56:../src/drvInterrupt.c **** }
  73                             		.loc 1 56 0
  74 0014 D7                      		ret
  75                             	.LFE2:
  77                             		.global	_getIntDriver
  79                             	_getIntDriver:
  80                             	.LFB3:
  57:../src/drvInterrupt.c **** 
  58:../src/drvInterrupt.c **** driver *getIntDriver(void)
  59:../src/drvInterrupt.c **** {
  81                             		.loc 1 59 0
  82                             		; start of function
  83                             		; locals: 2 bytes
  84 0015 20 02                   		subw	sp, #2
  85                             	.LCFI0:
  60:../src/drvInterrupt.c **** 	thisDriver.drv_init = initInterrupt;
  86                             		.loc 1 60 0
  87 0017 30 00 00                		movw	ax, #%code(_initInterrupt)
  88 001a BF 04 00                		movw	!_thisDriver+4, ax
  61:../src/drvInterrupt.c **** 
  62:../src/drvInterrupt.c **** 	//this_functions[INT_ENABLE] = intEnable;
  63:../src/drvInterrupt.c **** 	//this_functions[INT_DISABLE] = intDisable;
  64:../src/drvInterrupt.c **** 
  65:../src/drvInterrupt.c **** 	thisDriver.drv_func = this_functions;
  89                             		.loc 1 65 0
  90 001d 30 06 00                		movw	ax, #_this_functions
  91 0020 BF 02 00                		movw	!_thisDriver+2, ax
  66:../src/drvInterrupt.c **** 	return &thisDriver;
  92                             		.loc 1 66 0
  93 0023 30 00 00                		movw	ax, #_thisDriver
  94 0026 B8 00                   		movw	[sp], ax
  95 0028 BD F0                   		movw	r8, ax
  67:../src/drvInterrupt.c **** }
  96                             		.loc 1 67 0
  97 002a 10 02                   		addw	sp, #2
  98 002c D7                      		ret
  99                             	.LFE3:
 155                             	.Letext0:
 156                             		.file 2 "../src/dd_types.h"
 157                             		.file 3 "../src/drvInterrupt.h"
