interrupt_handlers.c:42:6:INT_WDTI	8	static
interrupt_handlers.c:47:6:INT_LVI	8	static
interrupt_handlers.c:57:6:INT_P1	8	static
interrupt_handlers.c:62:6:INT_P2	8	static
interrupt_handlers.c:77:6:INT_P5	8	static
interrupt_handlers.c:82:6:INT_DMA0	8	static
interrupt_handlers.c:87:6:INT_DMA1	8	static
interrupt_handlers.c:115:6:INT_TM03H	8	static
interrupt_handlers.c:120:6:INT_IICA0	8	static
interrupt_handlers.c:125:6:INT_TM01	8	static
interrupt_handlers.c:135:6:INT_TM03	8	static
interrupt_handlers.c:155:6:INT_KR	8	static
interrupt_handlers.c:160:6:INT_TM04	8	static
interrupt_handlers.c:165:6:INT_TM05	8	static
interrupt_handlers.c:170:6:INT_TM06	8	static
interrupt_handlers.c:175:6:INT_TM07	8	static
interrupt_handlers.c:180:6:INT_LCD0	8	static
interrupt_handlers.c:185:6:INT_P6	8	static
interrupt_handlers.c:190:6:INT_P7	8	static
interrupt_handlers.c:195:6:INT_MD	8	static
interrupt_handlers.c:200:6:INT_FL	8	static
interrupt_handlers.c:205:6:INT_BRK_I	8	static
