lcd_panel.c:91:10:Validate_Input	2	static
lcd_panel.c:229:6:SECTA_Glyph_Map	4	static
lcd_panel.c:324:6:SECTB_Glyph_Map	4	static
lcd_panel.c:474:6:SECTC_Glyph_Map	8	static
lcd_panel.c:560:6:SECTD_Glyph_Map	0	static
lcd_panel.c:636:6:SECTF_Glyph_Map	0	static
lcd_panel.c:762:9:Symbol_Map	2	static
lcd_panel.c:959:6:Init_Display_Panel	0	static
lcd_panel.c:983:6:Clear_Display	4	static
lcd_panel.c:1011:6:Init_Maps	0	static
lcd_panel.c:1032:6:Init_SectA_Maps	0	static
lcd_panel.c:1094:6:Init_SectB_Maps	0	static
lcd_panel.c:1166:6:Init_SectC_Maps	0	static
lcd_panel.c:1232:6:Init_SectC_Letters_Maps	0	static
lcd_panel.c:1326:6:Display_Panel_String	12	static
lcd_panel.c:1474:6:Display_Panel_Delay	12	static
lcd_panel.c:1495:6:Lcd_Off	0	static
lcd_panel.c:1543:6:Lcd_On	0	static
